cmake_minimum_required(VERSION 3.16)

project(HelloGraphics VERSION 1.0 LANGUAGES CXX)

set(CMAKE_CXX_STANDARD 17)
set(CMAKE_CXX_STANDARD_REQUIRED ON)
set(CMAKE_CXX_EXTENSIONS OFF)

# Compiler warnings
add_compile_options(-Wall -Wextra -Wpedantic)

# Release optimizations
if(NOT CMAKE_BUILD_TYPE)
    set(CMAKE_BUILD_TYPE Release)
endif()
set(CMAKE_CXX_FLAGS_RELEASE "-O2")

# Find SFML 3
find_package(SFML 3 COMPONENTS Graphics Window System REQUIRED)

# Sources
add_executable(hello_sfml src/main.cpp)

# Link SFML 3
target_link_libraries(hello_sfml PRIVATE
    SFML::Graphics
    SFML::Window
    SFML::System
)

# macOS: ensure app can find dylibs
if(APPLE)
    set_target_properties(hello_sfml PROPERTIES
        INSTALL_RPATH "@executable_path/../lib"
        BUILD_WITH_INSTALL_RPATH TRUE
    )
endif()
